EDiv (Pos {offset = 4, line = 1, col = 5}) (EVal (EFloat (Pos {offset = 1, line = 1, col = 2}) 1.0)) (EVal (EInt (Pos {offset = 5, line = 1, col = 6}) 3))
