EAdd (Pos {offset = 5, line = 1, col = 6}) (EDiv (Pos {offset = 2, line = 1, col = 3}) (EVal (EInt (Pos {offset = 1, line = 1, col = 2}) 1)) (EVal (EInt (Pos {offset = 3, line = 1, col = 4}) 3))) (EAdd (Pos {offset = 10, line = 1, col = 11}) (EVal (EFloat (Pos {offset = 7, line = 1, col = 8}) 2.0)) (EVal (EInt (Pos {offset = 11, line = 1, col = 12}) 4)))
