EIf (Pos {offset = 0, line = 1, col = 1}) (EVal (EBool (Pos {offset = 2, line = 1, col = 3}) False)) (EVal (EInt (Pos {offset = 11, line = 1, col = 12}) 1)) (EVal (EInt (Pos {offset = 16, line = 1, col = 17}) 3))
