EIf (Pos {offset = 0, line = 1, col = 1}) (ELessEqThan (Pos {offset = 3, line = 1, col = 4}) (EVal (EInt (Pos {offset = 2, line = 1, col = 3}) 1)) (EVal (EInt (Pos {offset = 5, line = 1, col = 6}) 3))) (EVal (EInt (Pos {offset = 10, line = 1, col = 11}) 1)) (EVal (EInt (Pos {offset = 15, line = 1, col = 16}) 3))
