EIf (Pos {offset = 0, line = 1, col = 1}) (EVal (EBool (Pos {offset = 2, line = 1, col = 3}) True)) (EVal (EInt (Pos {offset = 10, line = 1, col = 11}) 1)) (EVal (EInt (Pos {offset = 15, line = 1, col = 16}) 3))
