EMul (Pos {offset = 2, line = 1, col = 3}) (EVal (EInt (Pos {offset = 1, line = 1, col = 2}) 1)) (EVal (EInt (Pos {offset = 3, line = 1, col = 4}) 3))
