EAdd (Pos {offset = 2, line = 1, col = 3}) (EVal (EInt (Pos {offset = 1, line = 1, col = 2}) 1)) (EMul (Pos {offset = 5, line = 1, col = 6}) (EVal (EInt (Pos {offset = 4, line = 1, col = 5}) 1)) (EAdd (Pos {offset = 8, line = 1, col = 9}) (EVal (EInt (Pos {offset = 7, line = 1, col = 8}) 1)) (EDiv (Pos {offset = 13, line = 1, col = 14}) (EVal (EFloat (Pos {offset = 10, line = 1, col = 11}) 4.0)) (EVal (EInt (Pos {offset = 14, line = 1, col = 15}) 5)))))
