No tokens were parsed. Did you pass an empty file?
