EVal (EInt (Pos {offset = 0, line = 1, col = 1}) 1)
